-----AUTO LOAN CONTRACT-----

[Page 1]
AUTO LOAN AGREEMENT

Agreement Date: January 16, 2026

Agreement Location: Gurugram, Haryana, India

1. PARTIES TO THE AGREEMENT

LENDER: Prime Financing Solutions Private Limited

Address: 123 Finance Tower, DLF Cyber City, Gurugram, Haryana 122001, India
Company Registration: CIN U65999HR2015PTC057834

Contact: +91-124-4001234 | loans@primefinancing.com

BORROWER: Rajesh Kumar Sharma

Address: B-206, Emerald Heights Apartments, Sector 48, Gurugram, Haryana 122001, India
PAN: ABJPS1234K

Mobile: +91-9876543210

Email: rajesh.sharma@email.com

CO-BORROWER: Priya Sharma (Spouse)

Address: B-206, Emerald Heights Apartments, Sector 48, Gurugram, Haryana 122001, India
PAN: BGJPR5678M

Mobile: +91-9876543211

2. VEHICLE DETAILS

Make: Hyundai

Model: Creta

Year: 2026

Body Type: Sport Utility Vehicle (SUV)

Color: Polar White

Vehicle Identification Number (VIN): KMHEC4A47EU123456
Engine Number: G2CHA123456

Registration Number: DL 01 AB 1234 (to be registered)
Mileage/Odometer: 0 km (new vehicle)

Accessories Included:

e Roof rails

e Alloy wheels

e Advanced driver assistance system
e Panoramic sunroof


[Page 2]
3. LOAN PARTICULARS

3.1 Loan Amount and Vehicle Pricing

Particulars Amount (%)
Vehicle Showroom Price 13,50,000
Registration & Insurance 75,000
Accessories (Additional) 45,000
Total Vehicle Cost 14,70,000

Down Payment (by Borrower) = (3,00,000)
Trade-In Adjustment (0)

Total Amount Financed 11,70,000

Total Loan Amount: %11,70,000 (Rupees Eleven Lakh Seventy Thousand only)

3.2 Loan Terms

Particulars Details
Loan Tenure 60 months
Rate of Interest 8.5% per annum (fixed)
Monthly EMI 23,648
Total Amount ¥14,18,880
Payable
Total Interest 22,48,880
Charged
First EMI Date February 16, 2026
Last EMI Date January 16, 2031
Mode of Payment Electronic Clearing Service (ECS) / Standing

Instruction

Payment Due Date 16th of every month


[Page 3]
3.3 Processing and Charges

Particulars Amount (®)
Loan Processing Fee 12,870 (1.1% of loan amount)
Credit Report Fee 500
Vehicle Inspection Fee 2,500
Hypothecation Charges 1,200

Total Pre-Disbursal Charges 17,070

Note: Processing charges shall be deducted from the loan disbursement or collected
upfront as decided by the Lender.

4. DISBURSEMENT DETAILS

Loan Disbursement Method: Direct transfer to vehicle dealer or authorized service center
Loan Disbursement Date: January 20, 2026
Beneficiary Bank Details (Dealer Account):

e Bank Name: HDFC Bank Limited

e Account Number: 50100034567890

e IFSC Code: HDFC0000001

e Account Holder: Prime Motors Private Limited

Documents Required for Disbursement:

e Proof of completion of vehicle booking

e Vehicle delivery document

e Registration certificate (RC) with hypothecation clause
e Insurance policy certificate

e Signed agreement by Borrower

3. PAYMENT SCHEDULE

First 12 months payment schedule (remaining as per pattern):


[Page 4]
Mon Due EMI Principa _Interes Outstanding

th Date (®) 1(®) t (@&®) Balance (%)

1 oon 15,581 8,067 11,54,419
2 008 15,677 7,971 11,38,742
3 ose 15,774 7,874 11,22,968
4 008 an 15,872 7,776 11,07,096
5 eee an 15,970 7,678 10,91,126
6 oon 16,069 7,579 10,75,057
7 006 16,169 7,479 10,58,888
8 is 16,269 7,379 10,42,619
9 one 16,370 7,278 10,26,249
10 08 16,472 7,176 10,09,777
11 sone 16,574 7,074 9,93,203

12 on an 16,677 6,971 9,76,526

Complete amortization schedule for 60 months available upon request


[Page 5]
6. INTEREST RATE AND CALCULATION

6.1 Interest Calculation Method

Interest shall be calculated on a daily reducing balance basis at the fixed rate of 8.5% per
annum (fixed throughout the loan period unless modified by RBI guidelines).

6.2 Interest Calculation Formula
Interest = (Outstanding Principal Balance x Annual Rate of Interest x Number of Days) / 365
Example for Month 1:

e Outstanding Balance: €11,70,000

e Daily Rate: (8.5% / 365) = 0.02329%

e Number of Days: 31 days (January to February)
e Interest: %11,70,000 x 0.02329% x 31 = ¥8,067

6.3 Rate Variation Clause

The interest rate is fixed for the entire loan tenure. Any changes mandated by regulatory
authorities (RBI, NHB) shall be applicable with 30 days' notice to the Borrower.

7. SECURITY AND HYPOTHECATION
7.1 Collateral

The Borrower hereby pledges the vehicle described in Section 2 as primary security for the
loan repayment. The vehicle shall remain the property of the Borrower but shall be held as
collateral with the Lender.

7.2 Hypothecation Clause

The Borrower agrees to create a first-position hypothecation in favor of Prime Financing
Solutions Private Limited on the vehicle. The hypothecation shall be:

e Registered with the Regional Transport Authority (RTA)
e Endorsed on the Registration Certificate
e Maintained until full repayment of the loan

7.3 Insurance
The Borrower agrees to:

e Maintain a valid Comprehensive Motor Insurance policy covering both third-party
and own-damage liabilities

e Keep the vehicle insured with a minimum coverage of %11,70,000 (loan amount)

e Add Lender's interest clause with the insurance company

e Provide annual renewal proof before expiry

e Add accidental death cover of €5,00,000 (optional but recommended)

Insurance Requirement: New India Assurance Company Limited (Policy Number:
NIA/2026/1234567)


[Page 6]
8. BORROWER'S OBLIGATIONS

The Borrower agrees to:
8.1 Timely Payment

e Make EMI payments on or before the 16th of each month without any default or
delay

e Pay through ECS/Standing Instruction from the registered bank account

e Maintain sufficient balance in the account to enable automatic debit

8.2 Vehicle Maintenance

e Keep the vehicle in good mechanical and physical condition

e Perform regular maintenance as per manufacturer's specifications

e Service the vehicle every 10,000 km or 6 months, whichever comes first
e Retain all service records for inspection

8.3 Vehicle Registration

e Register the vehicle with the RTA within 14 days of purchase

e Ensure hypothecation is duly noted on the Registration Certificate
e Renew vehicle registration annually before expiry

e Maintain valid pollution under control (PUC) certificate

8.4 Vehicle Usage

e Use the vehicle for personal purposes only (not commercial)

e Not undertake long-distance journeys exceeding 5,000 km per month without prior
written approval

e Not rent, lease, or pledge the vehicle to any third party

e Not modify the vehicle structure or engine without Lender's written consent

8.5 Notification Obligations

e Notify the Lender within 48 hours of:
o Any accident or damage to the vehicle
o Any change in address or contact details
°o Loss of Registration Certificate or insurance documents
o Legal proceedings or claims against the vehicle

8.6 Financial Disclosure

e Inform the Lender immediately of any material adverse change in financial
condition

e Disclose any additional loans or liabilities undertaken during the loan tenure

e Provide proof of income and tax returns as requested


[Page 7]
9. LENDER'S RIGHTS

9.1 Default Management
If the Borrower defaults on EMI payment by:

e 7-14 days: Written reminder and penal interest of 1% per annum on overdue
amount

e 15-29 days: Legal notice and penal interest of 2% per annum; additional cost
recovery fees

e 30+ days: Right to repossess the vehicle and recover through sale; black listing with
credit bureaus; legal action for dues

9.2 Vehicle Repossession
Upon default exceeding 30 days, the Lender has the right to:

e Repossess the vehicle without notice

e De-register the vehicle from Lender's possession records

e Auction the vehicle and recover dues from the sale proceeds

e Claim deficit amount from the Borrower with interest and costs

9.3 Inspection Rights
The Lender reserves the right to:

e Inspect the vehicle at any time without prior notice

e Verify maintenance records and vehicle condition

e Obtain photographs and technical inspection reports
e Conduct audit of vehicle usage and registration status

10. LATE PAYMENT AND PENALTIES


[Page 8]
Scenario Charges

1% penal interest per annum on

EMI delayed by 7-14 days overdue amount

2% penal interest per annum + %500

EMI delayed by 15-29 days reminder cost

3% penal interest per annum + %1,000

EMI delayed by 30+ days legal notice cost

Cheque dishonor/ECS 250 per incident + penal interest as
failure applicable

Late renewal of insurance 21,500 + auto-renewal cost recovery
Non-submission of vehicle 7100 per day (maximum £5,000 per
documents calendar year)

Note: Penal interest shall be calculated on the overdue EMI amount until full clearance.

11. PREPAYMENT AND FORECLOSURE

11.1 Prepayment Option

The Borrower may prepay the entire loan or make partial prepayments without any
penalty. The Borrower must provide:

e 30days' written notice for full prepayment
e Proof of funds availability
e Settled all dues including penal interest if any

11.2 Prepayment Amount Calculation

Full Prepayment Amount = Remaining Principal Balance + Accrued Interest + Outstanding
Charges

Example: If Borrower opts for full prepayment after 24 months (Month 24):

e Remaining Outstanding Balance: ¢7,89,456
e Accrued Interest (if any): €2,150
e Total Prepayment Amount: €7,91,606

11.3 Loan Closure
Upon full repayment, the Lender shall:

e Issue a No Objection Certificate (NOC) within 7 business days

e Provide a clearance letter for RTA de-hypothecation

e Release all original documents (Registration Certificate, insurance, etc.)
e Provide a clearance statement for credit bureau reporting


[Page 9]
12. DEFAULT AND REMEDIES
12.1 Default Definition
Default shall occur if:

e EMI remains unpaid for more than 15 days from due date

e Insurance lapses or coverage falls below required amount

e Vehicle is damaged beyond repair without proper disclosure
e Hypothecation is removed or violated

e Any material misrepresentation is discovered

12.2 Lender's Remedies (in order of escalation)

1. Written Reminder (7 days after default)

2. Legal Notice (15 days after default) - £1,000 cost

3. Vehicle Repossession (30 days after default)

4. Vehicle Auction and recovery from sale proceeds

5. Legal Action under Consumer Protection Act, 2019 and IPC

6. Credit Bureau Reporting - CIBIL negative reporting for 7 years
7. Recovery through Debt Collector and legal proceedings

12.3 Borrower's Remedies
The Borrower retains all rights under:

e Reserve Bank of India (RBI) guidelines on lending practices
e Consumer Protection Act, 2019

e Motor Vehicles Act, 1988

e Central Bureau of Investigation (CBI) complaints for fraud

13. FORCE MAJEURE

The Lender shall not be liable for delays or non-performance caused by:

e Natural disasters, floods, earthquakes, or acts of God
e Was terrorism, or civil unrest

e Pandemic or epidemic situations

e Government orders or regulatory changes

e Strikes or labor disputes

In such cases:

e EMI due date may be extended by 60-90 days with written notice
e No penal interest shall apply during force majeure period
e Normal interest shall continue to accrue


[Page 10]
14. INSURANCE AND PROTECTION

14.1 Comprehensive Insurance
The Borrower must maintain comprehensive motor insurance covering:

e Third-party liability: Minimum as per Motor Vehicles Act, 1988
e Own-damage: Full vehicle value (%14,70,000 minimum)
e Personal accident cover: £5,00,000 per person

Current Insurance:

e Policy Number: NIA/2026/1234567

e Insurer: New India Assurance Company Limited

e Coverage: %14,70,000 (comprehensive with own-damage)

e Premium: %18,375 per annum (paid for 1 year)

e Expiry Date: January 15, 2027

e Renewal Responsibility: Borrower must renew before expiry

14.2 Insurance Claim Process
In case of accident or damage:

1. Immediately notify Lender and Insurance company (within 24 hours)

2.Do not move the vehicle without police/insurer approval

3. Obtain police FIR for third-party damage claims

4. Provide original insurance policy and documents to insurer

5. Lender shall be kept informed of claim status

6. Settlement proceeds shall be applied toward vehicle repairs or loan repayment as
decided by Lender

14.3 Loss Payee Clause

The insurance policy shall include a clause making "Prime Financing Solutions Private
Limited" as loss payee for amounts exceeding €2,00,000.

15. CREDIT BUREAU REPORTING

15.1 Positive Reporting
Monthly EMI payment details shall be reported to credit bureaus:

e TransUnion CIBIL Limited
e Experian Credit Information Company Limited
e Equifax Credit Information Services (India) Private Limited

Timely payments will enhance the Borrower's credit score.
15.2 Negative Reporting
In case of default exceeding 30 days:

e Default status shall be reported to all credit bureaus
e Negative mark shall remain on credit report for 7 years


[Page 11]
e This shall impact future loan approvals and credit access

16. DATA PRIVACY AND CONFIDENTIALITY
16.1 Personal Data Handling
The Lender shall:

e Maintain confidentiality of all Borrower information

¢ Comply with Reserve Bank of India (RBI) data security guidelines

e Use data only for loan management and credit reporting purposes

e Not share information with third parties without written consent (except for credit
bureaus and regulatory authorities)

16.2 Right to Information
The Borrower may request:

e Loan statement (free quarterly; monthly on paid basis at £100)
e Duplicate copies of agreement (€200 per copy)
e Updated amortization schedule (free upon request)

17. AMENDMENTS AND MODIFICATIONS

17.1 Regulatory Changes
If RBI, NHB, or government guidelines change EMI calculation methods:

e Lender shall provide 30 days' written notice
e Modified terms shall apply prospectively only
e Borrower has the right to prepay without penalty if objecting to changes

17.2 Agreement Modification
Any changes to this agreement require:

e Written consent from both Lender and Borrower
e Signatures from authorized representatives
e Amendments shall be dated and countersigned

18. DISPUTE RESOLUTION

18.1 Escalation Procedure
In case of disputes:
Level 1: Contact Lender's Customer Service

e Phone: +91-124-4001234
e Email: disputes@primefinancing.com
e Timeline: Resolution within 7 days

Level 2: Escalate to Lender's Ombudsman


[Page 12]
e Address: Prime Financing Solutions, Complaint Department, DLF Cyber City,
Gurugram
e Timeline: Resolution within 30 days

Level 3: RBI Banking Ombudsman (if RBI-regulated)

e Applicable if Lender is RBI-regulated entity
e Filing fee: Nominal as per RBI guidelines

Level 4: District Consumer Disputes Redressal Commission

e Applicable under Consumer Protection Act, 2019
e Jurisdiction: Gurugram District, Haryana

18.2 Arbitration
If both parties agree, disputes shall be resolved through:

e Arbitrator: Single arbitrator mutually agreed upon
e Venue: Gurugram, Haryana

e Arbitration Cost: Equally shared

e Award: Final and binding

19. GOVERNING LAW AND JURISDICTION
19.1 Applicable Laws
This agreement shall be governed by:

e Indian Contract Act, 1872

e Motor Vehicles Act, 1988

e Reserve Bank of India Regulations (if applicable)
e Consumer Protection Act, 2019

e State-specific lending regulations

19.2 Jurisdiction
Both parties irrevocably submit to the jurisdiction of:

e District Courts of Gurugram, Haryana, India
e All proceedings shall be conducted in English/Hindi language

20. SIGNATURES AND ACKNOWLEDGMENT

Borrower's Signature Section

I/We hereby acknowledge that I/we have carefully read, understood, and voluntarily agree
to all the terms and conditions mentioned in this Auto Loan Agreement. I/We confirm that
all information provided is true and accurate to the best of my/our knowledge.

Borrower:


[Page 13]
Signature:

Name: Rajesh Kumar Sharma
PAN: ABJPS1234K

Date: January 16, 2026

Co-Borrower:

Signature:

Name: Priya Sharma
PAN: BGJPR5678M
Date: January 16, 2026

Lender's Authorization Section

I/We, on behalf of Prime Financing Solutions Private Limited, hereby authorize the
disbursement of the loan and confirm acceptance of the terms.

Authorized Officer:

Signature:

Name: Vikram Singh

Designation: Loan Authorization Officer
Employee ID: EMP/2024/0567

Date: January 16, 2026

Approved By (Loan Manager):

Signature:

Name: Deepika Verma
Designation: Senior Loan Manager
Employee ID: EMP/2023/0234

Date: January 16, 2026

Official Stamp of Lender:

[OFFICIAL SEAL OF PRIME FINANCING SOLUTIONS PRIVATE LIMITED]

21. ANNEXURES AND SUPPORTING DOCUMENTS

Annexure A: Complete Amortization Schedule (60 Months)

Full payment schedule available as separate Excel attachment

Annexure B: Insurance Certificate

e Policy Number: NIA/2026/1234567
e Insurer: New India Assurance

e Effective Date: January 16, 2026

e Expiry Date: January 15, 2027


[Page 14]
Annexure C: Vehicle Registration Document

e RC Number: [To be provided after registration]
e Engine Number: G2CHA123456

e Chassis Number: KMHEC4A47EU123456

e Hypothecation Endorsement: Yes

Annexure D: KYC Documents Submitted

e Aadhaar Card (verified)

e PAN Card (verified)

e Address Proof (utility bill dated December 2025)
e Income Proof (latest salary slips of 3 months)

e Employment Letter

Annexure E: Loan Sanction Letter

e Loan Approved by: Deepika Verma, Senior Loan Manager
e Approval Date: January 10, 2026

e Approval Reference: PFS/2026/LAP/1234

e Validity: 30 days (valid until February 10, 2026)

Total Pages: 16 pages (including all annexures)

Document Generated: January 16, 2026
Loan Commencement Date: January 20, 2026
First EMI Due: February 16, 2026

END OF AGREEMENT

This is a legally binding contract. In case of any discrepancies or clarifications, contact Prime
Financing Solutions at +91-124-4001234 or loans@primefinancing.com


